// Jest Snapshot v1, https://goo.gl/fbAQLP

exports[`SearchInput component renders SearchInput 1`] = `
<DocumentFragment>
  <label
    for="searchInput"
  >
    Search
  </label>
  <input
    id="searchInput"
    type="text"
    value="my_search_query"
  />
</DocumentFragment>
`;
