// Jest Snapshot v1, https://goo.gl/fbAQLP

exports[`App component renders App 1`] = `
<DocumentFragment>
  <input
    id="searchInput"
    placeholder="Search"
    type="text"
    value=""
  />
  <h1>
    Loading...
  </h1>
</DocumentFragment>
`;
